// Jest Snapshot v1, https://goo.gl/fbAQLP

exports[`Button component renders with custom props 1`] = `ReactWrapper {}`;
