// Jest Snapshot v1, https://goo.gl/fbAQLP

exports[`Spinner component renders with custom props 1`] = `ReactWrapper {}`;

exports[`Spinner component renders with default props 1`] = `ReactWrapper {}`;
